[orbitabar.com.br/index.html]
[backblue.gif]
[fade.gif]
[index.html]
[orbitabar.com.br/xmlrpc.php]
[orbitabar.com.br/feed/index.html]
[orbitabar.com.br/wp-content/themes/orbitabar/favicon.ico]
[orbitabar.com.br/wp-includes/js/jquery/jquery4a5f.js]
[orbitabar.com.br/wp-includes/js/jquery/jquery-migrate.min330a.js]
[orbitabar.com.br/xmlrpc0db0.php]
[orbitabar.com.br/wp-json/index.html]
[orbitabar.com.br/wp-content/themes/orbitabar/js/jquery-1.11.2.min.js]
[orbitabar.com.br/wp-content/themes/orbitabar/js/menu-mobile.js]
[orbitabar.com.br/wp-content/themes/orbitabar/images/logo.png]
[orbitabar.com.br/nossa-historia/index.html]
[orbitabar.com.br/contato/index.html]
[orbitabar.com.br/wp-content/themes/orbitabar/images/menu-abrir.png]
[orbitabar.com.br/responsabilidade-social/index.html]
[orbitabar.com.br/wp-content/uploads/2019/10/qui-out.jpg]
[orbitabar.com.br/wp-content/uploads/2019/12/sex.jpg]
[orbitabar.com.br/wp-content/uploads/2019/12/sab.jpg]
[orbitabar.com.br/wp-content/uploads/2019/08/domingo.jpg]
[orbitabar.com.br/programacao/index.html]
[orbitabar.com.br/wp-content/files_mf/152027586928514422_1628073197284993_8111981136655127801_o-267x154_c.jpg]
[orbitabar.com.br/seu-evento-na-nossa-casa/index.html]
[orbitabar.com.br/wp-content/themes/orbitabar/images/background-foto.png]
[orbitabar.com.br/wp-content/files_mf/152027581427992995_1615539508538362_6901582604134741624_o-267x154_c.jpg]
[orbitabar.com.br/galeria/index.html]
[orbitabar.com.br/wp-content/files_mf/152027576427503701_1604569269635386_3108091475591949078_o-267x154_c.jpg]
[orbitabar.com.br/wp-content/files_mf/152027568527164174_1594286507330329_7159932034925992382_o-267x154_c.jpg]
[orbitabar.com.br/listas-de-aniversario/index.html]
[orbitabar.com.br/wp-content/files_mf/1523893445patrick_tor4_cred._jedson_nobre1024x682-180x180_c.jpg]
[orbitabar.com.br/galeria/nmevd-ressaca-de-carnaval-com-attooxxa/index.html]
[orbitabar.com.br/wp-content/files_mf/1523892986bacoexudoblues-180x180_c.jpg]
[orbitabar.com.br/wp-content/files_mf/1523892508ricodalasam-180x180_c.jpg]
[orbitabar.com.br/wp-content/files_mf/1523892400jaloo-180x180_c.jpg]
[orbitabar.com.br/wp-content/files_mf/152389237023595835_194480594459123_7165194395459780608_n-180x180_c.jpg]
[orbitabar.com.br/galeria/pre-carnaval-drags-da-gandaia-no-orbita-bar/index.html]
[orbitabar.com.br/wp-content/files_mf/1523892214tatiquebrabarraco-180x180_c.jpg]
[orbitabar.com.br/wp-content/files_mf/1523890888aldotheband-180x180_c.jpg]
[orbitabar.com.br/wp-content/files_mf/1523890618andreaskisser-180x180_c.jpg]
[orbitabar.com.br/wp-content/files_mf/1523890221Atooxxa-180x180_c.jpg]
[orbitabar.com.br/galeria/americana-american-college-party-no-orbita-bar/index.html]
[orbitabar.com.br/wp-content/files_mf/15238891518f1cfcb98a-180x180_c.png]
[orbitabar.com.br/wp-content/files_mf/1523889031marginalmenihateflashsolowbass-180x180_c.jpg]
[orbitabar.com.br/wp-content/files_mf/1523886754Vanguart_Ariel_Martini_Fotografia-180x180_c.jpg]
[orbitabar.com.br/newsletter.php]
[orbitabar.com.br/galeria/funkton-de-carnaval-com-los-gringos-no-orbita-bar/index.html]
[orbitabar.com.br/wp-content/themes/orbitabar/images/logo_footer.png]
[orbitabar.com.br/wp-content/themes/orbitabar/images/icon_facebook.png]
[orbitabar.com.br/wp-content/themes/orbitabar/images/icon_twitter.png]
[orbitabar.com.br/wp-content/themes/orbitabar/images/icon_instagram.png]
[orbitabar.com.br/wp-content/themes/orbitabar/images/icon_youtube.png]
[orbitabar.com.br/wp-content/themes/orbitabar/images/soim.png]
[orbitabar.com.br/wp-content/plugins/contact-form-7/includes/js/scriptsbdeb.js]
[orbitabar.com.br/wp-content/plugins/easy-fancybox/js/jquery.fancybox.min4271.js]
[orbitabar.com.br/wp-content/plugins/easy-fancybox/js/jquery.easing.min330a.js]
[orbitabar.com.br/wp-content/plugins/easy-fancybox/js/jquery.mousewheel.mina9d5.js]
[orbitabar.com.br/wp-includes/js/wp-embed.minedf7.js]
[www.google-analytics.com/analytics.js]
[orbitabar.com.br/index.html]
[orbitabar.com.br/xmlrpc.html]
[orbitabar.com.br/wp-content/themes/orbitabar/images/background-header.jpg]
[orbitabar.com.br/wp-content/themes/orbitabar/images/linha.jpg]
[orbitabar.com.br/wp-content/themes/orbitabar/images/background_footer.jpg]
[orbitabar.com.br/wp-content/themes/orbitabar/images/linha-p.jpg]
[orbitabar.com.br/wp-content/themes/orbitabar/images/linha-m.png]
[orbitabar.com.br/wp-content/themes/orbitabar/images/loader.gif]
[orbitabar.com.br/wp-content/themes/orbitabar/css/style.css]
[orbitabar.com.br/wp-includes/css/dist/block-library/style.minedf7.css]
[orbitabar.com.br/wp-content/plugins/contact-form-7/images/ajax-loader.gif]
[orbitabar.com.br/wp-content/plugins/contact-form-7/includes/css/stylesbdeb.css]
[orbitabar.com.br/wp-content/plugins/easy-fancybox/images/fancybox.png]
[orbitabar.com.br/wp-content/plugins/easy-fancybox/images/fancybox-x.png]
[orbitabar.com.br/wp-content/plugins/easy-fancybox/css/jquery.fancybox.min4271.css]
[orbitabar.com.br/xmlrpc0db0.html]
[orbitabar.com.br/wp-includes/wlwmanifest.html]
[orbitabar.com.br/wp-json/oembed/1.0/embed64a1.json]
[orbitabar.com.br/wp-json/oembed/1.0/embed2254]
[orbitabar.com.br/nossa-historia/index.html]
[orbitabar.com.br/wp-json/oembed/1.0/embed38b2.json]
[orbitabar.com.br/wp-json/oembed/1.0/embedf409]
[orbitabar.com.br/contato/index.html]
[orbitabar.com.br/wp-json/oembed/1.0/embeda79f.json]
[orbitabar.com.br/wp-json/oembed/1.0/embed3a34]
[orbitabar.com.br/wp-content/uploads/2017/03/dragao_sem_fome.jpg]
[orbitabar.com.br/responsabilidade-social/index.html]
[orbitabar.com.br/wp-json/oembed/1.0/embedad42.json]
[orbitabar.com.br/wp-json/oembed/1.0/embedff95]
[orbitabar.com.br/wp-content/uploads/2019/10/sex-out-4.jpg]
[orbitabar.com.br/wp-content/uploads/2019/10/sab-out-4.jpg]
[orbitabar.com.br/programacao/index.html]
[orbitabar.com.br/wp-json/oembed/1.0/embed5810.json]
[orbitabar.com.br/wp-json/oembed/1.0/embed3c0d]
[orbitabar.com.br/wp-content/uploads/2017/03/NIC-3773.jpg]
[orbitabar.com.br/wp-content/uploads/2017/03/NIC-3773-200x300.jpg]
[orbitabar.com.br/wp-content/uploads/2017/03/NIC-3775.jpg]
[orbitabar.com.br/wp-content/uploads/2017/03/NIC-3775-200x300.jpg]
[orbitabar.com.br/wp-content/uploads/2017/03/NIC-3783.jpg]
[orbitabar.com.br/wp-content/uploads/2017/03/NIC-3783-200x300.jpg]
[orbitabar.com.br/wp-content/uploads/2017/03/NIC-3778.jpg]
[orbitabar.com.br/wp-content/uploads/2017/03/NIC-3778-200x300.jpg]
[orbitabar.com.br/wp-content/uploads/2017/03/NIC-3777.jpg]
[orbitabar.com.br/wp-content/uploads/2017/03/NIC-3777-300x200.jpg]
[orbitabar.com.br/wp-content/uploads/2017/03/NIC-3716.jpg]
[orbitabar.com.br/wp-content/uploads/2017/03/NIC-3716-300x200.jpg]
[orbitabar.com.br/wp-content/uploads/2017/03/NIC-3719.jpg]
[orbitabar.com.br/wp-content/uploads/2017/03/NIC-3719-200x300.jpg]
[orbitabar.com.br/wp-content/uploads/2017/03/NIC-3718.jpg]
[orbitabar.com.br/wp-content/uploads/2017/03/NIC-3718-200x300.jpg]
[orbitabar.com.br/wp-content/uploads/2017/03/NIC-3721.jpg]
[orbitabar.com.br/wp-content/uploads/2017/03/NIC-3721-300x200.jpg]
[orbitabar.com.br/wp-content/uploads/2017/03/NIC-3722.jpg]
[orbitabar.com.br/wp-content/uploads/2017/03/NIC-3722-300x200.jpg]
[orbitabar.com.br/wp-content/uploads/2017/03/NIC-3726.jpg]
[orbitabar.com.br/wp-content/uploads/2017/03/NIC-3726-300x200.jpg]
[orbitabar.com.br/wp-content/uploads/2017/03/NIC-3728.jpg]
[orbitabar.com.br/wp-content/uploads/2017/03/NIC-3728-200x300.jpg]
[orbitabar.com.br/wp-content/uploads/2017/03/NIC-3730.jpg]
[orbitabar.com.br/wp-content/uploads/2017/03/NIC-3730-200x300.jpg]
[orbitabar.com.br/wp-content/uploads/2017/03/NIC-3732.jpg]
[orbitabar.com.br/wp-content/uploads/2017/03/NIC-3732-300x200.jpg]
[orbitabar.com.br/wp-content/uploads/2017/03/NIC-3734.jpg]
[orbitabar.com.br/wp-content/uploads/2017/03/NIC-3734-300x200.jpg]
[orbitabar.com.br/wp-content/uploads/2017/03/NIC-3736.jpg]
[orbitabar.com.br/wp-content/uploads/2017/03/NIC-3736-300x200.jpg]
[orbitabar.com.br/wp-content/uploads/2017/03/NIC-3737.jpg]
[orbitabar.com.br/wp-content/uploads/2017/03/NIC-3737-200x300.jpg]
[orbitabar.com.br/wp-content/uploads/2017/03/NIC-3739.jpg]
[orbitabar.com.br/wp-content/uploads/2017/03/NIC-3739-200x300.jpg]
[orbitabar.com.br/wp-content/uploads/2017/03/NIC-3741.jpg]
[orbitabar.com.br/wp-content/uploads/2017/03/NIC-3741-200x300.jpg]
[orbitabar.com.br/wp-content/uploads/2017/03/NIC-3742.jpg]
[orbitabar.com.br/wp-content/uploads/2017/03/NIC-3742-300x200.jpg]
[orbitabar.com.br/wp-content/uploads/2017/03/NIC-3744.jpg]
[orbitabar.com.br/wp-content/uploads/2017/03/NIC-3744-300x200.jpg]
[orbitabar.com.br/wp-content/uploads/2017/03/NIC-3746.jpg]
[orbitabar.com.br/wp-content/uploads/2017/03/NIC-3746-300x200.jpg]
[orbitabar.com.br/wp-content/uploads/2017/03/NIC-3753.jpg]
[orbitabar.com.br/wp-content/uploads/2017/03/NIC-3753-300x200.jpg]
[orbitabar.com.br/wp-content/uploads/2017/03/NIC-3759.jpg]
[orbitabar.com.br/wp-content/uploads/2017/03/NIC-3759-200x300.jpg]
[orbitabar.com.br/wp-content/uploads/2017/03/NIC-3756.jpg]
[orbitabar.com.br/wp-content/uploads/2017/03/NIC-3756-300x200.jpg]
[orbitabar.com.br/wp-content/uploads/2017/03/NIC-3755.jpg]
[orbitabar.com.br/wp-content/uploads/2017/03/NIC-3755-300x200.jpg]
[orbitabar.com.br/wp-content/uploads/2017/03/NIC-3762.jpg]
[orbitabar.com.br/wp-content/uploads/2017/03/NIC-3762-200x300.jpg]
[orbitabar.com.br/seu-evento-na-nossa-casa/index.html]
[orbitabar.com.br/wp-json/oembed/1.0/embed021c.json]
[orbitabar.com.br/wp-json/oembed/1.0/embededbd]
[orbitabar.com.br/wp-content/files_mf/149096812217622028_1299963493429300_7729431571914380749_o-267x154_c.jpg]
[orbitabar.com.br/wp-content/files_mf/149096729917635440_1301423309949985_5364984264807446959_o-267x154_c.jpg]
[orbitabar.com.br/wp-content/files_mf/149096835817545357_1298974026861580_2347372023749461881_o-267x154_c.jpg]
[orbitabar.com.br/galeria/superafim-do-lollapalooza-no-orbita-bar/index.html]
[orbitabar.com.br/wp-content/files_mf/149096842517434650_1294661360626180_5650417304261051288_o-267x154_c.jpg]
[orbitabar.com.br/wp-content/files_mf/149096948517434825_1293789627380020_8938357600077617718_o-267x154_c.jpg]
[orbitabar.com.br/wp-content/files_mf/149131054817157488_1284763574949292_1355207218704053928_o-267x154_c.jpg]
[orbitabar.com.br/wp-content/files_mf/149096954017218465_1287465028012480_1750552783409000478_o-267x154_c.jpg]
[orbitabar.com.br/wp-content/files_mf/149131060517157702_1276139595811690_2088020471687256108_o-267x154_c.jpg]
[orbitabar.com.br/galeria/index.html]
[orbitabar.com.br/galeria/latin-lovers-rompe-la-cintura-2503-no-orbita-bar/index.html]
[orbitabar.com.br/galeria/sean-patricks-day-1703-no-orbita-bar/index.html]
[orbitabar.com.br/wp-json/oembed/1.0/embedabec.json]
[orbitabar.com.br/galeria/be-our-guest-1103-no-orbita-bar/index.html]
[orbitabar.com.br/galeria/loka-a-festa-das-patroas-04mar-no-orbita-bar/index.html]
[orbitabar.com.br/galeria/love-me-tinder-1003-no-orbita-bar/index.html]
[orbitabar.com.br/wp-json/oembed/1.0/embed0345]
[orbitabar.com.br/galeria/coracao-selvagem-com-os-belchio-3mar-no-orbita-bar/index.html]
[orbitabar.com.br/wp-content/themes/orbitabar/images/conectar.jpg]
[orbitabar.com.br/wp-content/themes/orbitabar/images/1passo.png]
[orbitabar.com.br/galeria/and-the-orbita-goes-to-1702-no-orbita-bar/index.html]
[orbitabar.com.br/wp-content/themes/orbitabar/images/seta.png]
[orbitabar.com.br/wp-content/themes/orbitabar/images/2passo.png]
[orbitabar.com.br/wp-content/themes/orbitabar/images/3passo.png]
[orbitabar.com.br/wp-content/themes/orbitabar/images/4passo.png]
[orbitabar.com.br/wp-content/themes/orbitabar/images/5passo.png]
[orbitabar.com.br/wp-content/themes/orbitabar/images/icon-vip.png]
[orbitabar.com.br/wp-content/themes/orbitabar/images/icon-lista.png]
[orbitabar.com.br/wp-content/themes/orbitabar/images/icon-drinks.png]
[orbitabar.com.br/wp-content/themes/orbitabar/js/orbita.js]
[connect.facebook.net/pt_BR/sdk.js]
[orbitabar.com.br/listas-de-aniversario/esqueceu-a-senha/index.html]
[orbitabar.com.br/listas-de-aniversario/cadastrar/index.html]
[orbitabar.com.br/listas-de-aniversario/index.html]
[orbitabar.com.br/listas-de-aniversario/logado/index.html]
[orbitabar.com.br/wp-json/oembed/1.0/embed40bb.json]
[orbitabar.com.br/wp-json/oembed/1.0/embed9899]
[orbitabar.com.br/galeria/nmevd-ressaca-de-carnaval-com-attooxxa/index.html]
[embedsocial.com/embedscript/ei.js]
[orbitabar.com.br/wp-json/oembed/1.0/embed1449.json]
[orbitabar.com.br/wp-json/oembed/1.0/embed0e78]
[orbitabar.com.br/galeria/pre-carnaval-drags-da-gandaia-no-orbita-bar/index.html]
[orbitabar.com.br/wp-json/oembed/1.0/embed8484.json]
[orbitabar.com.br/wp-json/oembed/1.0/embed8b51]
[orbitabar.com.br/galeria/americana-american-college-party-no-orbita-bar/index.html]
[orbitabar.com.br/wp-json/oembed/1.0/embedc170.json]
[orbitabar.com.br/wp-json/oembed/1.0/embed29eb]
[orbitabar.com.br/galeria/funkton-de-carnaval-com-los-gringos-no-orbita-bar/index.html]
[orbitabar.com.br/newsletter.html]
[orbitabar.com.br/indexe4c6.html]
[orbitabar.com.br/indexa1ca.html]
[orbitabar.com.br/indexc4f7.html]
[orbitabar.com.br/index42dc.html]
[orbitabar.com.br/index2df4.html]
[orbitabar.com.br/indexc471.html]
[orbitabar.com.br/wp-json/oembed/1.0/embed0eed.json]
[orbitabar.com.br/wp-json/oembed/1.0/embed8827]
[orbitabar.com.br/galeria/superafim-do-lollapalooza-no-orbita-bar/index.html]
[orbitabar.com.br/wp-json/oembed/1.0/embed7130.json]
[orbitabar.com.br/wp-json/oembed/1.0/embed1617]
[orbitabar.com.br/galeria/latin-lovers-rompe-la-cintura-2503-no-orbita-bar/index.html]
[orbitabar.com.br/wp-json/oembed/1.0/embed5814.json]
[orbitabar.com.br/wp-json/oembed/1.0/embedefcc]
[orbitabar.com.br/galeria/sean-patricks-day-1703-no-orbita-bar/index.html]
[orbitabar.com.br/wp-json/oembed/1.0/embed2230.json]
[orbitabar.com.br/wp-json/oembed/1.0/embed4f88]
[orbitabar.com.br/galeria/be-our-guest-1103-no-orbita-bar/index.html]
[orbitabar.com.br/wp-json/oembed/1.0/embed5145.json]
[orbitabar.com.br/wp-json/oembed/1.0/embedbaac]
[orbitabar.com.br/galeria/love-me-tinder-1003-no-orbita-bar/index.html]
[orbitabar.com.br/wp-json/oembed/1.0/embedf134.json]
[orbitabar.com.br/wp-json/oembed/1.0/embeda9f6]
[orbitabar.com.br/galeria/loka-a-festa-das-patroas-04mar-no-orbita-bar/index.html]
[orbitabar.com.br/wp-json/oembed/1.0/embed85ff.json]
[orbitabar.com.br/wp-json/oembed/1.0/embedc4e4]
[orbitabar.com.br/galeria/coracao-selvagem-com-os-belchio-3mar-no-orbita-bar/index.html]
[orbitabar.com.br/wp-json/oembed/1.0/embed6ecd.json]
[orbitabar.com.br/wp-json/oembed/1.0/embeda281]
[orbitabar.com.br/galeria/and-the-orbita-goes-to-1702-no-orbita-bar/index.html]
[orbitabar.com.br/index2dc4.html]
[orbitabar.com.br/wp-json/oembed/1.0/embedf0cb.json]
[orbitabar.com.br/wp-json/oembed/1.0/embed1680]
[orbitabar.com.br/listas-de-aniversario/esqueceu-a-senha/index.html]
[orbitabar.com.br/wp-json/oembed/1.0/embed2e7e.json]
[orbitabar.com.br/wp-json/oembed/1.0/embed1bbd]
[ajax.googleapis.com/ajax/libs/jqueryui/1.12.1/jquery-ui.min.js]
[cdnjs.cloudflare.com/ajax/libs/jquery.mask/1.14.10/jquery.mask.min.js]
[cdnjs.cloudflare.com/ajax/libs/jquery-validate/1.16.0/jquery.validate.min.js]
[cdnjs.cloudflare.com/ajax/libs/moment.js/2.18.1/moment.min.js]
[orbitabar.com.br/listas-de-aniversario/cadastrar/index.html]
[connect.facebook.net/pt_BR/sdk.js]
[cdnjs.cloudflare.com/ajax/libs/moment.js/2.18.1/locale/pt-br.js]
[orbitabar.com.br/wp-json/oembed/1.0/embed86da.json]
[orbitabar.com.br/wp-json/oembed/1.0/embeda80c]
[orbitabar.com.br/listas-de-aniversario/logado/index.html]
[orbitabar.com.br/index3350.html]
[orbitabar.com.br/index8e01.html]
[orbitabar.com.br/index17d5.html]
[orbitabar.com.br/index7760.html]
[orbitabar.com.br/index735a.html]
[orbitabar.com.br/index55e4.html]
[orbitabar.com.br/index648c.html]
[orbitabar.com.br/index6213.html]
[orbitabar.com.br/index5cfa.html]
[orbitabar.com.br/indexc5eb.html]
[orbitabar.com.br/indexeffd.html]
[orbitabar.com.br/indexe6f0.html]
[orbitabar.com.br/index3f3a.html]
[orbitabar.com.br/indexae74.html]
[orbitabar.com.br/listas-de-aniversario/solicitar/index.html]
[orbitabar.com.br/listas-de-aniversario/editar/index.html]
[ajax.googleapis.com/ajax/libs/jqueryui/1.12.1/themes/smoothness/images/ui-bg_highlight-soft_75_cccccc_1x100.png]
[ajax.googleapis.com/ajax/libs/jqueryui/1.12.1/themes/smoothness/images/ui-bg_glass_75_e6e6e6_1x400.png]
[ajax.googleapis.com/ajax/libs/jqueryui/1.12.1/themes/smoothness/images/ui-bg_glass_75_dadada_1x400.png]
[ajax.googleapis.com/ajax/libs/jqueryui/1.12.1/themes/smoothness/images/ui-bg_glass_65_ffffff_1x400.png]
[ajax.googleapis.com/ajax/libs/jqueryui/1.12.1/themes/smoothness/images/ui-bg_glass_55_fbf9ee_1x400.png]
[ajax.googleapis.com/ajax/libs/jqueryui/1.12.1/themes/smoothness/images/ui-bg_glass_95_fef1ec_1x400.png]
[ajax.googleapis.com/ajax/libs/jqueryui/1.12.1/themes/smoothness/images/ui-icons_222222_256x240.png]
[ajax.googleapis.com/ajax/libs/jqueryui/1.12.1/themes/smoothness/images/ui-icons_454545_256x240.png]
[ajax.googleapis.com/ajax/libs/jqueryui/1.12.1/themes/smoothness/images/ui-icons_2e83ff_256x240.png]
[ajax.googleapis.com/ajax/libs/jqueryui/1.12.1/themes/smoothness/images/ui-icons_cd0a0a_256x240.png]
[ajax.googleapis.com/ajax/libs/jqueryui/1.12.1/themes/smoothness/images/ui-icons_888888_256x240.png]
[ajax.googleapis.com/ajax/libs/jqueryui/1.12.1/themes/smoothness/jquery-ui.css]
[orbitabar.com.br/index2cce.html]
[orbitabar.com.br/wp-json/oembed/1.0/embed1363.json]
[orbitabar.com.br/wp-json/oembed/1.0/embed6dca]
[orbitabar.com.br/listas-de-aniversario/solicitar/index.html]
[orbitabar.com.br/wp-json/oembed/1.0/embed418c.json]
[orbitabar.com.br/wp-json/oembed/1.0/embed5c83]
[orbitabar.com.br/listas-de-aniversario/editar/index.html]
[orbitabar.com.br/index9430.html]
[orbitabar.com.br/index49a5.html]
